2026-08-15 19:05:51.298: [INFO] CurrentProfilePath: D:\Temp\flutter_tools.56b5c0da\flutter_tools_chrome_device.bf50ee06\Default
2026-08-15 19:05:51.298: [INFO] Profiles total count: 1
2026-08-15 19:05:51.298: [INFO] Profile: name=ملف التعريف 1 path=D:\Temp\flutter_tools.56b5c0da\flutter_tools_chrome_device.bf50ee06\Default lastActive=null
2026-08-15 19:05:51.298: [INFO] LastUsedProfileDir: D:\Temp\flutter_tools.56b5c0da\flutter_tools_chrome_device.bf50ee06\Default
2026-08-15 19:05:51.298: [INFO] VisibilityChanged: 0
2026-08-15 19:05:51.327: [INFO] RecordSyncInitDuration has_sync_been_enabled: 0 state: 0
2026-08-15 19:05:51.328: [INFO] RecordSyncInitDuration has_sync_been_enabled: 0 state: 0
2026-08-15 19:05:51.330: [INFO] RecordSyncInitDuration has_sync_been_enabled: 0 state: 0
2026-08-15 19:05:51.331: [INFO] RecordSyncInitDuration has_sync_been_enabled: 0 state: 0
2026-08-15 19:05:51.333: [INFO] RecordSyncInitDuration has_sync_been_enabled: 0 state: 0
2026-08-15 19:05:51.336: [INFO] RecordSyncInitDuration has_sync_been_enabled: 0 state: 0
2026-08-15 19:05:51.337: [INFO] RecordSyncInitDuration has_sync_been_enabled: 0 state: 0
2026-08-15 19:05:51.339: [INFO] RecordSyncInitDuration has_sync_been_enabled: 0 state: 0
2026-08-15 19:05:51.340: [INFO] RecordSyncInitDuration has_sync_been_enabled: 0 state: 0
2026-08-15 19:05:51.342: [INFO] RecordSyncInitDuration has_sync_been_enabled: 0 state: 0
2026-08-15 19:05:51.357: [INFO] OnDoneLoading sync enabled: 0
2026-08-15 19:05:51.357: [INFO] BookmarkModelLoaded, ids_reassigned: 0
2026-08-15 19:05:51.357: [INFO] BookmarksLoadDropped droppedNodes=0
2026-08-15 19:05:51.357: [INFO] BookmarksSnapshot Startup total=0 bar=0 other=0 mobile=0 showBar=0 showBarNTP=1
2026-08-15 19:05:51.423: [INFO] RecordSyncInitDuration has_sync_been_enabled: 0 state: 0
2026-08-15 19:05:52.807: [INFO] RecordSyncInitDuration has_sync_been_enabled: 0 state: 0
2026-08-15 19:05:52.811: [INFO] RecordSyncInitDuration has_sync_been_enabled: 0 state: 3
2026-08-15 19:05:52.814: [INFO] Primary account changed.
2026-08-15 19:05:52.814: [INFO] OnPrimaryAccountChanged PrimaryAccountChangeEvent::Type::kSet
2026-08-15 19:05:52.820: [INFO] RecordSyncInitDuration has_sync_been_enabled: 0 state: 3
2026-08-15 19:05:52.876: [INFO] RecordSyncInitDuration has_sync_been_enabled: 0 state: 3
2026-08-15 19:05:58.066: [INFO] Sync initialization duration: 5075ms
2026-08-18 16:10:59.265: [INFO] VisibilityChanged: 1
2026-08-18 16:33:27.842: [INFO] VisibilityChanged: 0
2026-08-18 16:33:27.990: [INFO] BookmarksSnapshot Shutdown total=0 bar=0 other=0 mobile=0 showBar=0 showBarNTP=1
