{"logTime": "0803/211530", "correlationVector":"EGKtXMZy+0WW72AwxT0Cad.1","action":"SyncServerConnectionManagerRequest", "result":"SYNC_SERVER_OK", "context":{"environment":"Prod_germanywestcentral_prod-s01-010-eur-germanywestcentral", "migrationStage":"NotStarted", "server":"akswtt00400000k"}}
{"logTime": "0803/211530", "correlationVector":"EGKtXMZy+0WW72AwxT0Cad.2","action":"ProcessGetUpdates", "result":"Done", "context":{"dataType":"Encryption Keys", "deleted":"0", "process_failed_to_decrypt":"0", "process_pending_decryption":"0", "process_success":"1", "total":"1"}}
{"logTime": "0803/211531", "correlationVector":"NKXS4v3zLDgfMDgjmhJNLu","action":"SyncServerConnectionManagerRequest", "result":"SYNC_SERVER_OK", "context":{"environment":"", "migrationStage":"", "server":""}}
{"logTime": "0803/211531", "correlationVector":"NKXS4v3zLDgfMDgjmhJNLu.0","action":"EncryptionKeysFetcher.DownloadKeys:", "result":"Success", "context":Key count: 1, Last key timestamp: 2026-04-18T12:46:51Z}
{"logTime": "0803/211531", "correlationVector":"NKXS4v3zLDgfMDgjmhJNLu.1","action":"EncryptionKeysManager::SetEncryptionKeys:", "result":"Success", "context":Key names[1]:[IqhKQcCKYsYUNYmJpItXAuSApZYDK5BtM4esWR1DiJedLVuWBZliPI8NmdBK0TIYwv35oxQrWDE8v6idGlDcFA==]}
{"logTime": "0803/211531", "correlationVector":"NKXS4v3zLDgfMDgjmhJNLu.2","action":"EncryptionKeysManager::SetEncryptionKeysWithTimestamps:", "result":"Success", "context":Key timestamps[1]:[2026-04-18T12:46:51Z]}
{"logTime": "0803/211531", "correlationVector":"EGKtXMZy+0WW72AwxT0Cad","action":"Initial GetUpdates", "result":"", "context":Reason: NEW_CLIENT. cV=EGKtXMZy+0WW72AwxT0Cad}
{"logTime": "0803/211531", "correlationVector":"EGKtXMZy+0WW72AwxT0Cad.3","action":"GetUpdates Response", "result":"Success", "context":Received 1 update(s). cV=EGKtXMZy+0WW72AwxT0Cad.0;server=akswtt00400000k;cloudType=Consumer;environment=Prod_germanywestcentral_prod-s01-010-eur-germanywestcentral;migrationStage=NotStarted}
{"logTime": "0803/211531", "correlationVector":"wjnogvEkNU9y6Ijrm/sgO3","action":"Initial GetUpdates", "result":"", "context":Reason: NEWLY_SUPPORTED_DATATYPE. cV=wjnogvEkNU9y6Ijrm/sgO3}
{"logTime": "0803/211531", "correlationVector":"wjnogvEkNU9y6Ijrm/sgO3.1","action":"SyncServerConnectionManagerRequest", "result":"SYNC_SERVER_OK", "context":{"environment":"Prod_germanywestcentral_prod-s01-010-eur-germanywestcentral", "migrationStage":"NotStarted", "server":"akswtt00400000j"}}
{"logTime": "0803/211531", "correlationVector":"wjnogvEkNU9y6Ijrm/sgO3.2","action":"ProcessGetUpdates", "result":"Done", "context":{"dataType":"Passwords", "deleted":"0", "process_failed_to_decrypt":"0", "process_pending_decryption":"0", "process_success":"2", "total":"2"}}
{"logTime": "0803/211531", "correlationVector":"wjnogvEkNU9y6Ijrm/sgO3.3","action":"ProcessGetUpdates", "result":"Done", "context":{"dataType":"Device Info", "deleted":"0", "process_failed_to_decrypt":"0", "process_pending_decryption":"0", "process_success":"42", "total":"42"}}
{"logTime": "0803/211531", "correlationVector":"wjnogvEkNU9y6Ijrm/sgO3.4","action":"GetUpdates Response", "result":"Success", "context":Received 44 update(s). cV=wjnogvEkNU9y6Ijrm/sgO3.0;server=akswtt00400000j;cloudType=Consumer;environment=Prod_germanywestcentral_prod-s01-010-eur-germanywestcentral;migrationStage=NotStarted}
{"logTime": "0803/211531", "correlationVector":"oxWb6IvD87GB5I4JFbu6Ph","action":"Initial GetUpdates", "result":"", "context":Reason: NEWLY_SUPPORTED_DATATYPE. cV=oxWb6IvD87GB5I4JFbu6Ph}
{"logTime": "0803/211532", "correlationVector":"oxWb6IvD87GB5I4JFbu6Ph.1","action":"SyncServerConnectionManagerRequest", "result":"SYNC_SERVER_OK", "context":{"environment":"Prod_germanywestcentral_prod-s01-010-eur-germanywestcentral", "migrationStage":"NotStarted", "server":"akswtt004000003"}}
{"logTime": "0803/211532", "correlationVector":"oxWb6IvD87GB5I4JFbu6Ph.2","action":"ProcessGetUpdates", "result":"Done", "context":{"dataType":"Bookmarks", "deleted":"0", "process_failed_to_decrypt":"0", "process_pending_decryption":"0", "process_success":"6", "total":"6"}}
{"logTime": "0803/211532", "correlationVector":"oxWb6IvD87GB5I4JFbu6Ph.3","action":"ProcessGetUpdates", "result":"Done", "context":{"dataType":"Preferences", "deleted":"0", "process_failed_to_decrypt":"0", "process_pending_decryption":"0", "process_success":"38", "total":"38"}}
{"logTime": "0803/211532", "correlationVector":"oxWb6IvD87GB5I4JFbu6Ph.4","action":"ProcessGetUpdates", "result":"Done", "context":{"dataType":"Autofill", "deleted":"0", "process_failed_to_decrypt":"0", "process_pending_decryption":"0", "process_success":"2", "total":"2"}}
{"logTime": "0803/211532", "correlationVector":"oxWb6IvD87GB5I4JFbu6Ph.5","action":"ProcessGetUpdates", "result":"Done", "context":{"dataType":"Sessions", "deleted":"99", "process_failed_to_decrypt":"0", "process_pending_decryption":"0", "process_success":"99", "total":"99"}}
{"logTime": "0803/211532", "correlationVector":"oxWb6IvD87GB5I4JFbu6Ph.6","action":"ProcessGetUpdates", "result":"Done", "context":{"dataType":"Edge Hub App Usage", "deleted":"0", "process_failed_to_decrypt":"0", "process_pending_decryption":"0", "process_success":"4", "total":"4"}}
{"logTime": "0803/211532", "correlationVector":"oxWb6IvD87GB5I4JFbu6Ph.7","action":"GetUpdates Response", "result":"Success", "context":Received 149 update(s). cV=oxWb6IvD87GB5I4JFbu6Ph.0;server=akswtt004000003;cloudType=Consumer;environment=Prod_germanywestcentral_prod-s01-010-eur-germanywestcentral;migrationStage=NotStarted}
{"logTime": "0803/211532", "correlationVector":"C5q8h7DfdoBM7uX0zBTiCu","action":"Initial GetUpdates", "result":"", "context":Reason: NEWLY_SUPPORTED_DATATYPE. cV=C5q8h7DfdoBM7uX0zBTiCu}
{"logTime": "0803/211532", "correlationVector":"C5q8h7DfdoBM7uX0zBTiCu.1","action":"SyncServerConnectionManagerRequest", "result":"SYNC_SERVER_OK", "context":{"environment":"Prod_germanywestcentral_prod-s01-010-eur-germanywestcentral", "migrationStage":"NotStarted", "server":"akswtt00400000t"}}
{"logTime": "0803/211532", "correlationVector":"C5q8h7DfdoBM7uX0zBTiCu.2","action":"GetUpdates Response", "result":"Success", "context":Received 0 update(s). cV=C5q8h7DfdoBM7uX0zBTiCu.0;server=akswtt00400000t;cloudType=Consumer;environment=Prod_germanywestcentral_prod-s01-010-eur-germanywestcentral;migrationStage=NotStarted}
{"logTime": "0803/211532", "correlationVector":"GdaqhH/OpHtQJdzy1Bu/wh","action":"Normal GetUpdate request", "result":"", "context":cV=GdaqhH/OpHtQJdzy1Bu/wh
Nudged types: Sessions, Device Info, User Consents
Refresh requested types: Bookmarks, Preferences, Passwords, Autofill Profiles, Autofill, Extensions, Sessions, Extension settings, History Delete Directives, Device Info, User Consents, Send Tab To Self, Web Apps, History, Saved Tab Group, WebAuthn Credentials, Edge E Drop, Edge Hub App Usage, Edge Workspace, Encryption Keys}
{"logTime": "0803/211533", "correlationVector":"GdaqhH/OpHtQJdzy1Bu/wh.1","action":"SyncServerConnectionManagerRequest", "result":"SYNC_SERVER_OK", "context":{"environment":"Prod_germanywestcentral_prod-s01-010-eur-germanywestcentral", "migrationStage":"NotStarted", "server":"akswtt00400000m"}}
{"logTime": "0803/211533", "correlationVector":"GdaqhH/OpHtQJdzy1Bu/wh.2","action":"GetUpdates Response", "result":"Success", "context":Received 0 update(s). cV=GdaqhH/OpHtQJdzy1Bu/wh.0;server=akswtt00400000m;cloudType=Consumer;environment=Prod_germanywestcentral_prod-s01-010-eur-germanywestcentral;migrationStage=NotStarted}
{"logTime": "0803/211533", "correlationVector":"CddNVSrgXiNqB8q3mrkYVJ","action":"DoCompareDataConsistency requsted types: ", "result":"Bookmarks, Preferences, Passwords, Extensions, Extension settings, History Delete Directives, Send Tab To Self, Web Apps, History, Saved Tab Group, WebAuthn Credentials, Edge E Drop, Edge Workspace, Encryption Keys"}
{"logTime": "0803/211533", "correlationVector":"CddNVSrgXiNqB8q3mrkYVJ.0","action":"CompareDataConsistency result: ", "result":"Compare result: Encryption Keys is consistent. local entities count is: 1 local entities hash is: 6A7tLManW4Npr3PpESQ3VP8mu4M="}
{"logTime": "0803/211533", "correlationVector":"CddNVSrgXiNqB8q3mrkYVJ.1","action":"CompareDataConsistency result: ", "result":"Compare result: Bookmarks is consistent. local entities count is: 0 local entities hash is: "}
{"logTime": "0803/211533", "correlationVector":"CddNVSrgXiNqB8q3mrkYVJ.2","action":"CompareDataConsistency result: ", "result":"Compare result: Preferences is consistent. local entities count is: 38 local entities hash is: Z4J7Wp6zsNuKaDy7/YYqTxKUsuM="}
{"logTime": "0803/211533", "correlationVector":"CddNVSrgXiNqB8q3mrkYVJ.3","action":"CompareDataConsistency result: ", "result":"Compare result: Extensions is consistent. local entities count is: 0 local entities hash is: "}
{"logTime": "0803/211533", "correlationVector":"CddNVSrgXiNqB8q3mrkYVJ.4","action":"CompareDataConsistency result: ", "result":"Compare result: Extension settings is consistent. local entities count is: 0 local entities hash is: "}
{"logTime": "0803/211533", "correlationVector":"CddNVSrgXiNqB8q3mrkYVJ.5","action":"CompareDataConsistency result: ", "result":"Compare result: History Delete Directives is consistent. local entities count is: 0 local entities hash is: "}
{"logTime": "0803/211533", "correlationVector":"CddNVSrgXiNqB8q3mrkYVJ.6","action":"CompareDataConsistency result: ", "result":"Server did not send this Send Tab To Self local entities count is: 0 local entities hash is: "}
{"logTime": "0803/211533", "correlationVector":"CddNVSrgXiNqB8q3mrkYVJ.7","action":"CompareDataConsistency result: ", "result":"Compare result: Web Apps is consistent. local entities count is: 0 local entities hash is: "}
{"logTime": "0803/211533", "correlationVector":"CddNVSrgXiNqB8q3mrkYVJ.8","action":"CompareDataConsistency result: ", "result":"Server did not send this History local entities count is: 0 local entities hash is: "}
{"logTime": "0803/211533", "correlationVector":"CddNVSrgXiNqB8q3mrkYVJ.9","action":"CompareDataConsistency result: ", "result":"Compare result: Saved Tab Group is consistent. local entities count is: 0 local entities hash is: "}
{"logTime": "0803/211533", "correlationVector":"CddNVSrgXiNqB8q3mrkYVJ.10","action":"CompareDataConsistency result: ", "result":"Server did not send this WebAuthn Credentials local entities count is: 0 local entities hash is: "}
{"logTime": "0803/211533", "correlationVector":"CddNVSrgXiNqB8q3mrkYVJ.11","action":"CompareDataConsistency result: ", "result":"Compare result: Edge E Drop is consistent. local entities count is: 0 local entities hash is: "}
{"logTime": "0803/211533", "correlationVector":"CddNVSrgXiNqB8q3mrkYVJ.12","action":"CompareDataConsistency result: ", "result":"Server did not send this Edge Workspace local entities count is: 0 local entities hash is: "}
{"logTime": "0803/211533", "correlationVector":"CddNVSrgXiNqB8q3mrkYVJ.13","action":"CompareDataConsistency result: ", "result":"Compare result: Passwords is consistent. local entities count is: 2 local entities hash is: g4elnyKTDR2C/GRFCSt98+zC4Z0="}
{"logTime": "0803/211533", "correlationVector":"1ixF1QkLwTu4OBrL0dQ8pC","action":"Commit Request", "result":"", "context":Item count: 4
Contributing types: Sessions, Device Info, User Consents}
{"logTime": "0803/211534", "correlationVector":"1ixF1QkLwTu4OBrL0dQ8pC.1","action":"SyncServerConnectionManagerRequest", "result":"SYNC_SERVER_OK", "context":{"environment":"Prod_germanywestcentral_prod-s01-010-eur-germanywestcentral", "migrationStage":"NotStarted", "server":"akswtt00400000g"}}
{"logTime": "0803/211534", "correlationVector":"1ixF1QkLwTu4OBrL0dQ8pC.2","action":"Commit Response", "result":"Success", "context":Result: Success. cV=1ixF1QkLwTu4OBrL0dQ8pC.0;server=akswtt00400000g;cloudType=Consumer;environment=Prod_germanywestcentral_prod-s01-010-eur-germanywestcentral;migrationStage=NotStarted}
{"logTime": "0803/211534", "correlationVector":"","action":"DIAGNOSTIC_REQUEST|v1/diagnosticData/Diagnostic.SendCheckResult()|SUCCESS", "result":""}
{"logTime": "0803/211625", "correlationVector":"2TzJ7RVB3KraChIWGvhLZ6","action":"Commit Request", "result":"", "context":Item count: 4
Contributing types: Passwords, Sessions, History}
{"logTime": "0803/211626", "correlationVector":"2TzJ7RVB3KraChIWGvhLZ6.1","action":"SyncServerConnectionManagerRequest", "result":"SYNC_SERVER_OK", "context":{"environment":"Prod_germanywestcentral_prod-s01-010-eur-germanywestcentral", "migrationStage":"NotStarted", "server":"akswtt004000008"}}
{"logTime": "0803/211626", "correlationVector":"2TzJ7RVB3KraChIWGvhLZ6.2","action":"Commit Response", "result":"Success", "context":Result: Success. cV=2TzJ7RVB3KraChIWGvhLZ6.0;server=akswtt004000008;cloudType=Consumer;environment=Prod_germanywestcentral_prod-s01-010-eur-germanywestcentral;migrationStage=NotStarted}
{"logTime": "0803/225552", "correlationVector":"EnCWryulsLo4sVqJQaDELU.1","action":"SyncServerConnectionManagerRequest", "result":"SYNC_SERVER_OK", "context":{"environment":"Prod_germanywestcentral_prod-s01-010-eur-germanywestcentral", "migrationStage":"NotStarted", "server":"akswtt00400000t"}}
{"logTime": "0803/225552", "correlationVector":"EnCWryulsLo4sVqJQaDELU.2","action":"ProcessGetUpdates", "result":"Done", "context":{"dataType":"Encryption Keys", "deleted":"0", "process_failed_to_decrypt":"0", "process_pending_decryption":"0", "process_success":"1", "total":"1"}}
{"logTime": "0803/225553", "correlationVector":"XoRn2O8yteCv7HmfUGZYI9","action":"SyncServerConnectionManagerRequest", "result":"SYNC_SERVER_OK", "context":{"environment":"", "migrationStage":"", "server":""}}
{"logTime": "0803/225553", "correlationVector":"XoRn2O8yteCv7HmfUGZYI9.0","action":"EncryptionKeysFetcher.DownloadKeys:", "result":"Success", "context":Key count: 1, Last key timestamp: 2026-04-18T12:46:51Z}
{"logTime": "0803/225553", "correlationVector":"XoRn2O8yteCv7HmfUGZYI9.1","action":"EncryptionKeysManager::SetEncryptionKeys:", "result":"Success", "context":Key names[1]:[IqhKQcCKYsYUNYmJpItXAuSApZYDK5BtM4esWR1DiJedLVuWBZliPI8NmdBK0TIYwv35oxQrWDE8v6idGlDcFA==]}
{"logTime": "0803/225553", "correlationVector":"XoRn2O8yteCv7HmfUGZYI9.2","action":"EncryptionKeysManager::SetEncryptionKeysWithTimestamps:", "result":"Success", "context":Key timestamps[1]:[2026-04-18T12:46:51Z]}
{"logTime": "0803/225553", "correlationVector":"EnCWryulsLo4sVqJQaDELU","action":"Initial GetUpdates", "result":"", "context":Reason: NEW_CLIENT. cV=EnCWryulsLo4sVqJQaDELU}
{"logTime": "0803/225553", "correlationVector":"EnCWryulsLo4sVqJQaDELU.3","action":"GetUpdates Response", "result":"Success", "context":Received 1 update(s). cV=EnCWryulsLo4sVqJQaDELU.0;server=akswtt00400000t;cloudType=Consumer;environment=Prod_germanywestcentral_prod-s01-010-eur-germanywestcentral;migrationStage=NotStarted}
{"logTime": "0803/225553", "correlationVector":"IKtWwRntDi6K94ZBcc3zar","action":"Initial GetUpdates", "result":"", "context":Reason: NEWLY_SUPPORTED_DATATYPE. cV=IKtWwRntDi6K94ZBcc3zar}
{"logTime": "0803/225553", "correlationVector":"IKtWwRntDi6K94ZBcc3zar.1","action":"SyncServerConnectionManagerRequest", "result":"SYNC_SERVER_OK", "context":{"environment":"Prod_germanywestcentral_prod-s01-010-eur-germanywestcentral", "migrationStage":"NotStarted", "server":"akswtt004000005"}}
{"logTime": "0803/225553", "correlationVector":"IKtWwRntDi6K94ZBcc3zar.2","action":"ProcessGetUpdates", "result":"Done", "context":{"dataType":"Passwords", "deleted":"0", "process_failed_to_decrypt":"0", "process_pending_decryption":"0", "process_success":"2", "total":"2"}}
{"logTime": "0803/225553", "correlationVector":"IKtWwRntDi6K94ZBcc3zar.3","action":"GetUpdates Response", "result":"Success", "context":Received 2 update(s). cV=IKtWwRntDi6K94ZBcc3zar.0;server=akswtt004000005;cloudType=Consumer;environment=Prod_germanywestcentral_prod-s01-010-eur-germanywestcentral;migrationStage=NotStarted}
{"logTime": "0803/225553", "correlationVector":"cq2Pi2NFljNbGfTm3mPuNR","action":"Normal GetUpdate request", "result":"", "context":cV=cq2Pi2NFljNbGfTm3mPuNR
Nudged types: Sessions, History
Refresh requested types: Bookmarks, Preferences, Passwords, Autofill Profiles, Autofill, Extensions, Sessions, Extension settings, History Delete Directives, Device Info, User Consents, Send Tab To Self, Web Apps, History, Saved Tab Group, WebAuthn Credentials, Edge E Drop, Edge Hub App Usage, Edge Workspace, Encryption Keys}
{"logTime": "0803/225554", "correlationVector":"cq2Pi2NFljNbGfTm3mPuNR.1","action":"SyncServerConnectionManagerRequest", "result":"SYNC_SERVER_OK", "context":{"environment":"Prod_germanywestcentral_prod-s01-010-eur-germanywestcentral", "migrationStage":"NotStarted", "server":"akswtt00400000i"}}
{"logTime": "0803/225554", "correlationVector":"cq2Pi2NFljNbGfTm3mPuNR.2","action":"ProcessGetUpdates", "result":"Done", "context":{"dataType":"Sessions", "deleted":"0", "process_failed_to_decrypt":"0", "process_pending_decryption":"0", "process_success":"2", "total":"2"}}
{"logTime": "0803/225554", "correlationVector":"cq2Pi2NFljNbGfTm3mPuNR.3","action":"ProcessGetUpdates", "result":"Done", "context":{"dataType":"Device Info", "deleted":"0", "process_failed_to_decrypt":"0", "process_pending_decryption":"0", "process_success":"1", "total":"1"}}
{"logTime": "0803/225554", "correlationVector":"cq2Pi2NFljNbGfTm3mPuNR.4","action":"ProcessGetUpdates", "result":"Done", "context":{"dataType":"History", "deleted":"0", "process_failed_to_decrypt":"0", "process_pending_decryption":"0", "process_success":"1", "total":"1"}}
{"logTime": "0803/225554", "correlationVector":"cq2Pi2NFljNbGfTm3mPuNR.5","action":"GetUpdates Response", "result":"Success", "context":Received 4 update(s). cV=cq2Pi2NFljNbGfTm3mPuNR.0;server=akswtt00400000i;cloudType=Consumer;environment=Prod_germanywestcentral_prod-s01-010-eur-germanywestcentral;migrationStage=NotStarted}
{"logTime": "0803/225554", "correlationVector":"bgxFtl76KH6k8TBF0yIY0c","action":"Commit Request", "result":"", "context":Item count: 3
Contributing types: Sessions, History}
{"logTime": "0803/225555", "correlationVector":"bgxFtl76KH6k8TBF0yIY0c.1","action":"SyncServerConnectionManagerRequest", "result":"SYNC_SERVER_OK", "context":{"environment":"Prod_germanywestcentral_prod-s01-010-eur-germanywestcentral", "migrationStage":"NotStarted", "server":"akswtt00400000p"}}
{"logTime": "0803/225555", "correlationVector":"bgxFtl76KH6k8TBF0yIY0c.2","action":"Commit Response", "result":"Success", "context":Result: Success. cV=bgxFtl76KH6k8TBF0yIY0c.0;server=akswtt00400000p;cloudType=Consumer;environment=Prod_germanywestcentral_prod-s01-010-eur-germanywestcentral;migrationStage=NotStarted}
{"logTime": "0803/225558", "correlationVector":"zYMX6vT5Z3Cfo2/5sOJpZd","action":"Commit Request", "result":"", "context":Item count: 4
Contributing types: Preferences, Sessions, History, Edge Hub App Usage}
{"logTime": "0803/225600", "correlationVector":"zYMX6vT5Z3Cfo2/5sOJpZd.1","action":"SyncServerConnectionManagerRequest", "result":"SYNC_SERVER_OK", "context":{"environment":"Prod_germanywestcentral_prod-s01-010-eur-germanywestcentral", "migrationStage":"NotStarted", "server":"akswtt004000008"}}
{"logTime": "0803/225600", "correlationVector":"zYMX6vT5Z3Cfo2/5sOJpZd.2","action":"Commit Response", "result":"Success", "context":Result: Success. cV=zYMX6vT5Z3Cfo2/5sOJpZd.0;server=akswtt004000008;cloudType=Consumer;environment=Prod_germanywestcentral_prod-s01-010-eur-germanywestcentral;migrationStage=NotStarted}
{"logTime": "0803/225737", "correlationVector":"Z3H+8WwhJS6lWwEnVBmWA5","action":"Commit Request", "result":"", "context":Item count: 3
Contributing types: Preferences, Passwords, History}
{"logTime": "0803/225738", "correlationVector":"Z3H+8WwhJS6lWwEnVBmWA5.1","action":"SyncServerConnectionManagerRequest", "result":"SYNC_SERVER_OK", "context":{"environment":"Prod_germanywestcentral_prod-s01-010-eur-germanywestcentral", "migrationStage":"NotStarted", "server":"akswtt00400000m"}}
{"logTime": "0803/225738", "correlationVector":"Z3H+8WwhJS6lWwEnVBmWA5.2","action":"Commit Response", "result":"Success", "context":Result: Success. cV=Z3H+8WwhJS6lWwEnVBmWA5.0;server=akswtt00400000m;cloudType=Consumer;environment=Prod_germanywestcentral_prod-s01-010-eur-germanywestcentral;migrationStage=NotStarted}
{"logTime": "0803/225749", "correlationVector":"rajrF2aCo+6NsBYryms1Vz","action":"Commit Request", "result":"", "context":Item count: 2
Contributing types: Preferences, Passwords}
{"logTime": "0803/225750", "correlationVector":"rajrF2aCo+6NsBYryms1Vz.1","action":"SyncServerConnectionManagerRequest", "result":"SYNC_SERVER_OK", "context":{"environment":"Prod_germanywestcentral_prod-s01-010-eur-germanywestcentral", "migrationStage":"NotStarted", "server":"akswtt004000008"}}
{"logTime": "0803/225750", "correlationVector":"rajrF2aCo+6NsBYryms1Vz.2","action":"Commit Response", "result":"Success", "context":Result: Success. cV=rajrF2aCo+6NsBYryms1Vz.0;server=akswtt004000008;cloudType=Consumer;environment=Prod_germanywestcentral_prod-s01-010-eur-germanywestcentral;migrationStage=NotStarted}
{"logTime": "0803/225934", "correlationVector":"13dZ4prXSxL91BTJ+01QB2","action":"Commit Request", "result":"", "context":Item count: 1
Contributing types: Sessions}
{"logTime": "0803/225935", "correlationVector":"13dZ4prXSxL91BTJ+01QB2.1","action":"SyncServerConnectionManagerRequest", "result":"SYNC_SERVER_OK", "context":{"environment":"Prod_germanywestcentral_prod-s01-010-eur-germanywestcentral", "migrationStage":"NotStarted", "server":"akswtt004000008"}}
{"logTime": "0803/225935", "correlationVector":"13dZ4prXSxL91BTJ+01QB2.2","action":"Commit Response", "result":"Success", "context":Result: Success. cV=13dZ4prXSxL91BTJ+01QB2.0;server=akswtt004000008;cloudType=Consumer;environment=Prod_germanywestcentral_prod-s01-010-eur-germanywestcentral;migrationStage=NotStarted}
{"logTime": "0803/230837", "correlationVector":"Dcdjqe/ckvcMbFov2wxEjo","action":"Commit Request", "result":"", "context":Item count: 1
Contributing types: Sessions}
{"logTime": "0803/230838", "correlationVector":"Dcdjqe/ckvcMbFov2wxEjo.1","action":"SyncServerConnectionManagerRequest", "result":"SYNC_SERVER_OK", "context":{"environment":"Prod_germanywestcentral_prod-s01-010-eur-germanywestcentral", "migrationStage":"NotStarted", "server":"akswtt004000004"}}
{"logTime": "0803/230838", "correlationVector":"Dcdjqe/ckvcMbFov2wxEjo.2","action":"Commit Response", "result":"Success", "context":Result: Success. cV=Dcdjqe/ckvcMbFov2wxEjo.0;server=akswtt004000004;cloudType=Consumer;environment=Prod_germanywestcentral_prod-s01-010-eur-germanywestcentral;migrationStage=NotStarted}
{"logTime": "0803/231321", "correlationVector":"YoyctqLEDctyN0J9Mlb1X3","action":"Commit Request", "result":"", "context":Item count: 3
Contributing types: Sessions, History}
{"logTime": "0803/231323", "correlationVector":"YoyctqLEDctyN0J9Mlb1X3.1","action":"SyncServerConnectionManagerRequest", "result":"SYNC_SERVER_OK", "context":{"environment":"Prod_germanywestcentral_prod-s01-010-eur-germanywestcentral", "migrationStage":"NotStarted", "server":"akswtt00400000f"}}
{"logTime": "0803/231323", "correlationVector":"YoyctqLEDctyN0J9Mlb1X3.2","action":"Commit Response", "result":"Success", "context":Result: Success. cV=YoyctqLEDctyN0J9Mlb1X3.0;server=akswtt00400000f;cloudType=Consumer;environment=Prod_germanywestcentral_prod-s01-010-eur-germanywestcentral;migrationStage=NotStarted}
{"logTime": "0803/231838", "correlationVector":"PzdAb41pldbbBElPoMIqFX","action":"Commit Request", "result":"", "context":Item count: 1
Contributing types: Sessions}
{"logTime": "0803/231839", "correlationVector":"PzdAb41pldbbBElPoMIqFX.1","action":"SyncServerConnectionManagerRequest", "result":"SYNC_SERVER_OK", "context":{"environment":"Prod_germanywestcentral_prod-s01-010-eur-germanywestcentral", "migrationStage":"NotStarted", "server":"akswtt00400000d"}}
{"logTime": "0803/231839", "correlationVector":"PzdAb41pldbbBElPoMIqFX.2","action":"Commit Response", "result":"Success", "context":Result: Success. cV=PzdAb41pldbbBElPoMIqFX.0;server=akswtt00400000d;cloudType=Consumer;environment=Prod_germanywestcentral_prod-s01-010-eur-germanywestcentral;migrationStage=NotStarted}
{"logTime": "0803/235237", "correlationVector":"2oSoHAombNvBWMT2yYVaqU.1","action":"SyncServerConnectionManagerRequest", "result":"SYNC_SERVER_OK", "context":{"environment":"Prod_germanywestcentral_prod-s01-010-eur-germanywestcentral", "migrationStage":"NotStarted", "server":"akswtt00400000g"}}
{"logTime": "0803/235237", "correlationVector":"2oSoHAombNvBWMT2yYVaqU.2","action":"ProcessGetUpdates", "result":"Done", "context":{"dataType":"Encryption Keys", "deleted":"0", "process_failed_to_decrypt":"0", "process_pending_decryption":"0", "process_success":"1", "total":"1"}}
{"logTime": "0803/235237", "correlationVector":"hWbNwdDlOKs+navBx8asXh","action":"SyncServerConnectionManagerRequest", "result":"SYNC_SERVER_OK", "context":{"environment":"", "migrationStage":"", "server":""}}
{"logTime": "0803/235237", "correlationVector":"hWbNwdDlOKs+navBx8asXh.0","action":"EncryptionKeysFetcher.DownloadKeys:", "result":"Success", "context":Key count: 1, Last key timestamp: 2026-04-18T12:46:51Z}
{"logTime": "0803/235237", "correlationVector":"hWbNwdDlOKs+navBx8asXh.1","action":"EncryptionKeysManager::SetEncryptionKeys:", "result":"Success", "context":Key names[1]:[IqhKQcCKYsYUNYmJpItXAuSApZYDK5BtM4esWR1DiJedLVuWBZliPI8NmdBK0TIYwv35oxQrWDE8v6idGlDcFA==]}
{"logTime": "0803/235237", "correlationVector":"hWbNwdDlOKs+navBx8asXh.2","action":"EncryptionKeysManager::SetEncryptionKeysWithTimestamps:", "result":"Success", "context":Key timestamps[1]:[2026-04-18T12:46:51Z]}
{"logTime": "0803/235237", "correlationVector":"2oSoHAombNvBWMT2yYVaqU","action":"Initial GetUpdates", "result":"", "context":Reason: NEW_CLIENT. cV=2oSoHAombNvBWMT2yYVaqU}
{"logTime": "0803/235237", "correlationVector":"2oSoHAombNvBWMT2yYVaqU.3","action":"GetUpdates Response", "result":"Success", "context":Received 1 update(s). cV=2oSoHAombNvBWMT2yYVaqU.0;server=akswtt00400000g;cloudType=Consumer;environment=Prod_germanywestcentral_prod-s01-010-eur-germanywestcentral;migrationStage=NotStarted}
{"logTime": "0803/235237", "correlationVector":"D6n7+htXxWWotpCwDlP8rp","action":"Initial GetUpdates", "result":"", "context":Reason: NEWLY_SUPPORTED_DATATYPE. cV=D6n7+htXxWWotpCwDlP8rp}
{"logTime": "0803/235238", "correlationVector":"D6n7+htXxWWotpCwDlP8rp.1","action":"SyncServerConnectionManagerRequest", "result":"SYNC_SERVER_OK", "context":{"environment":"Prod_germanywestcentral_prod-s01-010-eur-germanywestcentral", "migrationStage":"NotStarted", "server":"akswtt004000004"}}
{"logTime": "0803/235238", "correlationVector":"D6n7+htXxWWotpCwDlP8rp.2","action":"ProcessGetUpdates", "result":"Done", "context":{"dataType":"Passwords", "deleted":"0", "process_failed_to_decrypt":"0", "process_pending_decryption":"0", "process_success":"3", "total":"3"}}
{"logTime": "0803/235238", "correlationVector":"D6n7+htXxWWotpCwDlP8rp.3","action":"ProcessGetUpdates", "result":"Done", "context":{"dataType":"Device Info", "deleted":"0", "process_failed_to_decrypt":"0", "process_pending_decryption":"0", "process_success":"43", "total":"43"}}
{"logTime": "0803/235238", "correlationVector":"D6n7+htXxWWotpCwDlP8rp.4","action":"GetUpdates Response", "result":"Success", "context":Received 46 update(s). cV=D6n7+htXxWWotpCwDlP8rp.0;server=akswtt004000004;cloudType=Consumer;environment=Prod_germanywestcentral_prod-s01-010-eur-germanywestcentral;migrationStage=NotStarted}
{"logTime": "0803/235238", "correlationVector":"nVmAEz+7koKi2skdNVeLdG","action":"Initial GetUpdates", "result":"", "context":Reason: NEWLY_SUPPORTED_DATATYPE. cV=nVmAEz+7koKi2skdNVeLdG}
{"logTime": "0803/235238", "correlationVector":"nVmAEz+7koKi2skdNVeLdG.1","action":"SyncServerConnectionManagerRequest", "result":"SYNC_SERVER_OK", "context":{"environment":"Prod_germanywestcentral_prod-s01-010-eur-germanywestcentral", "migrationStage":"NotStarted", "server":"akswtt004000002"}}
{"logTime": "0803/235238", "correlationVector":"nVmAEz+7koKi2skdNVeLdG.2","action":"ProcessGetUpdates", "result":"Done", "context":{"dataType":"Bookmarks", "deleted":"0", "process_failed_to_decrypt":"0", "process_pending_decryption":"0", "process_success":"6", "total":"6"}}
{"logTime": "0803/235238", "correlationVector":"nVmAEz+7koKi2skdNVeLdG.3","action":"ProcessGetUpdates", "result":"Done", "context":{"dataType":"Preferences", "deleted":"0", "process_failed_to_decrypt":"0", "process_pending_decryption":"0", "process_success":"38", "total":"38"}}
{"logTime": "0803/235238", "correlationVector":"nVmAEz+7koKi2skdNVeLdG.4","action":"ProcessGetUpdates", "result":"Done", "context":{"dataType":"Autofill", "deleted":"0", "process_failed_to_decrypt":"0", "process_pending_decryption":"0", "process_success":"2", "total":"2"}}
{"logTime": "0803/235238", "correlationVector":"nVmAEz+7koKi2skdNVeLdG.5","action":"ProcessGetUpdates", "result":"Done", "context":{"dataType":"Sessions", "deleted":"99", "process_failed_to_decrypt":"0", "process_pending_decryption":"0", "process_success":"101", "total":"101"}}
{"logTime": "0803/235238", "correlationVector":"nVmAEz+7koKi2skdNVeLdG.6","action":"ProcessGetUpdates", "result":"Done", "context":{"dataType":"Edge Hub App Usage", "deleted":"0", "process_failed_to_decrypt":"0", "process_pending_decryption":"0", "process_success":"5", "total":"5"}}
{"logTime": "0803/235238", "correlationVector":"nVmAEz+7koKi2skdNVeLdG.7","action":"GetUpdates Response", "result":"Success", "context":Received 152 update(s). cV=nVmAEz+7koKi2skdNVeLdG.0;server=akswtt004000002;cloudType=Consumer;environment=Prod_germanywestcentral_prod-s01-010-eur-germanywestcentral;migrationStage=NotStarted}
{"logTime": "0803/235238", "correlationVector":"l1gNSYqaVxEz9LQ7H2rVAd","action":"Initial GetUpdates", "result":"", "context":Reason: NEWLY_SUPPORTED_DATATYPE. cV=l1gNSYqaVxEz9LQ7H2rVAd}
{"logTime": "0803/235239", "correlationVector":"l1gNSYqaVxEz9LQ7H2rVAd.1","action":"SyncServerConnectionManagerRequest", "result":"SYNC_SERVER_OK", "context":{"environment":"Prod_germanywestcentral_prod-s01-010-eur-germanywestcentral", "migrationStage":"NotStarted", "server":"akswtt00400000c"}}
{"logTime": "0803/235239", "correlationVector":"l1gNSYqaVxEz9LQ7H2rVAd.2","action":"ProcessGetUpdates", "result":"Done", "context":{"dataType":"History", "deleted":"0", "process_failed_to_decrypt":"0", "process_pending_decryption":"0", "process_success":"4", "total":"4"}}
{"logTime": "0803/235239", "correlationVector":"l1gNSYqaVxEz9LQ7H2rVAd.3","action":"GetUpdates Response", "result":"Success", "context":Received 4 update(s). cV=l1gNSYqaVxEz9LQ7H2rVAd.0;server=akswtt00400000c;cloudType=Consumer;environment=Prod_germanywestcentral_prod-s01-010-eur-germanywestcentral;migrationStage=NotStarted}
{"logTime": "0803/235239", "correlationVector":"e63OFEYnqizRJIyu/PzUoe","action":"Normal GetUpdate request", "result":"", "context":cV=e63OFEYnqizRJIyu/PzUoe
Nudged types: Sessions, Device Info
Refresh requested types: Bookmarks, Preferences, Passwords, Autofill Profiles, Autofill, Extensions, Sessions, Extension settings, History Delete Directives, Device Info, User Consents, Send Tab To Self, Web Apps, History, Saved Tab Group, WebAuthn Credentials, Edge E Drop, Edge Hub App Usage, Edge Workspace, Encryption Keys}
{"logTime": "0803/235239", "correlationVector":"e63OFEYnqizRJIyu/PzUoe.1","action":"SyncServerConnectionManagerRequest", "result":"SYNC_SERVER_OK", "context":{"environment":"Prod_germanywestcentral_prod-s01-010-eur-germanywestcentral", "migrationStage":"NotStarted", "server":"akswtt004000004"}}
{"logTime": "0803/235239", "correlationVector":"e63OFEYnqizRJIyu/PzUoe.2","action":"GetUpdates Response", "result":"Success", "context":Received 0 update(s). cV=e63OFEYnqizRJIyu/PzUoe.0;server=akswtt004000004;cloudType=Consumer;environment=Prod_germanywestcentral_prod-s01-010-eur-germanywestcentral;migrationStage=NotStarted}
{"logTime": "0803/235239", "correlationVector":"VgXjOQ6CTfM6Zv8w/O/uck","action":"Commit Request", "result":"", "context":Item count: 3
Contributing types: Sessions, Device Info}
{"logTime": "0803/235240", "correlationVector":"VgXjOQ6CTfM6Zv8w/O/uck.1","action":"SyncServerConnectionManagerRequest", "result":"SYNC_SERVER_OK", "context":{"environment":"Prod_germanywestcentral_prod-s01-010-eur-germanywestcentral", "migrationStage":"NotStarted", "server":"akswtt004000004"}}
{"logTime": "0803/235240", "correlationVector":"VgXjOQ6CTfM6Zv8w/O/uck.2","action":"Commit Response", "result":"Success", "context":Result: Success. cV=VgXjOQ6CTfM6Zv8w/O/uck.0;server=akswtt004000004;cloudType=Consumer;environment=Prod_germanywestcentral_prod-s01-010-eur-germanywestcentral;migrationStage=NotStarted}
{"logTime": "0803/235314", "correlationVector":"XehFVYKBPTvTeiYZ9Z7P+X","action":"Commit Request", "result":"", "context":Item count: 3
Contributing types: Preferences, Sessions, History}
{"logTime": "0803/235315", "correlationVector":"XehFVYKBPTvTeiYZ9Z7P+X.1","action":"SyncServerConnectionManagerRequest", "result":"SYNC_SERVER_OK", "context":{"environment":"Prod_germanywestcentral_prod-s01-010-eur-germanywestcentral", "migrationStage":"NotStarted", "server":"akswtt004000004"}}
{"logTime": "0803/235315", "correlationVector":"XehFVYKBPTvTeiYZ9Z7P+X.2","action":"Commit Response", "result":"Success", "context":Result: Success. cV=XehFVYKBPTvTeiYZ9Z7P+X.0;server=akswtt004000004;cloudType=Consumer;environment=Prod_germanywestcentral_prod-s01-010-eur-germanywestcentral;migrationStage=NotStarted}
{"logTime": "0803/235420", "correlationVector":"WtT+m2j/33tvSr8bgkIgm6","action":"Commit Request", "result":"", "context":Item count: 1
Contributing types: History}
{"logTime": "0803/235421", "correlationVector":"WtT+m2j/33tvSr8bgkIgm6.1","action":"SyncServerConnectionManagerRequest", "result":"SYNC_SERVER_OK", "context":{"environment":"Prod_germanywestcentral_prod-s01-010-eur-germanywestcentral", "migrationStage":"NotStarted", "server":"akswtt00400000g"}}
{"logTime": "0803/235421", "correlationVector":"WtT+m2j/33tvSr8bgkIgm6.2","action":"Commit Response", "result":"Success", "context":Result: Success. cV=WtT+m2j/33tvSr8bgkIgm6.0;server=akswtt00400000g;cloudType=Consumer;environment=Prod_germanywestcentral_prod-s01-010-eur-germanywestcentral;migrationStage=NotStarted}
